[32m2026-02-20 15:00:56 +0100[0m - dagster - [34mDEBUG[0m - __ASSET_JOB - f4f52af5-37ea-4988-8064-0408751e453c - 797339 - LOGS_CAPTURED - Started capturing logs in process (pid: 797339).
[32m2026-02-20 15:00:56 +0100[0m - dagster - [34mDEBUG[0m - __ASSET_JOB - f4f52af5-37ea-4988-8064-0408751e453c - 797339 - lire_donnees - STEP_START - Started execution of step "lire_donnees".
[32m2026-02-20 15:00:56 +0100[0m - dagster - [34mINFO[0m - __ASSET_JOB - f4f52af5-37ea-4988-8064-0408751e453c - lire_donnees - {'host': 'localhost', 'port': 1437, 'database': 'sql_database_demo2', 'username': 'sa', 'password': 'Password123', 'driver': 'ODBC Driver 18 for SQL Server', '_state__internal__': ConfigurableResourceFactoryState(nested_partial_resources={}, resolved_config_dict={'host': 'localhost', 'database': 'sql_database_demo2', 'username': 'sa', 'password': 'Password123'}, config_schema=<dagster._core.definitions.definition_config_schema.DefinitionConfigSchema object at 0x78a11b89fb90>, schema=Field(<dagster._config.field_utils.Shape object at 0x78a130d4f560>, default=@, is_required=True), nested_resources={}, resource_context=<dagster._core.execution.context.init.InitResourceContext object at 0x78a11b89e810>)}
[32m2026-02-20 15:00:56 +0100[0m - dagster - [34mERROR[0m - [31m__ASSET_JOB - f4f52af5-37ea-4988-8064-0408751e453c - 797339 - lire_donnees - STEP_FAILURE - Execution of step "lire_donnees" failed.

dagster._core.errors.DagsterExecutionStepExecutionError: Error occurred while executing op "lire_donnees"::

pyodbc.OperationalError: ('08001', '[08001] [Microsoft][ODBC Driver 18 for SQL Server]SSL Provider: [error:0A000086:SSL routines::certificate verify failed:self-signed certificate] (-1) (SQLDriverConnect)')

Stack Trace:
  File "/home/btharsana/Hands_on_Dagster/DBT-data-observability/dagster-quickstart/.venv/lib/python3.12/site-packages/dagster/_core/execution/plan/utils.py", line 57, in op_execution_error_boundary
    yield
  File "/home/btharsana/Hands_on_Dagster/DBT-data-observability/dagster-quickstart/.venv/lib/python3.12/site-packages/dagster/_utils/__init__.py", line 394, in iterate_with_context
    next_output = next(iterator)
                  ^^^^^^^^^^^^^^
  File "/home/btharsana/Hands_on_Dagster/DBT-data-observability/dagster-quickstart/.venv/lib/python3.12/site-packages/dagster/_core/execution/plan/compute_generator.py", line 135, in _coerce_op_compute_fn_to_iterator
    result = invoke_compute_fn(
             ^^^^^^^^^^^^^^^^^^
  File "/home/btharsana/Hands_on_Dagster/DBT-data-observability/dagster-quickstart/.venv/lib/python3.12/site-packages/dagster/_core/execution/plan/compute_generator.py", line 115, in invoke_compute_fn
    return fn(context, **args_to_pass) if context_arg_provided else fn(**args_to_pass)
           ^^^^^^^^^^^^^^^^^^^^^^^^^^^
  File "/home/btharsana/Hands_on_Dagster/DBT-data-observability/dagster-quickstart/src/dagster_quickstart/defs/assets.py", line 10, in lire_donnees
    rows = mssql.execute_query("SELECT * FROM bronze_orders")
           ^^^^^^^^^^^^^^^^^^^^^^^^^^^^^^^^^^^^^^^^^^^^^^^^^^
  File "/home/btharsana/Hands_on_Dagster/DBT-data-observability/dagster-quickstart/src/dagster_quickstart/defs/resources.py", line 34, in execute_query
    with self.get_connection() as conn:
         ^^^^^^^^^^^^^^^^^^^^^
  File "/home/btharsana/Hands_on_Dagster/DBT-data-observability/dagster-quickstart/src/dagster_quickstart/defs/resources.py", line 31, in get_connection
    return pyodbc.connect(conn_str)
           ^^^^^^^^^^^^^^^^^^^^^^^^
[0m
